---
source: crates/protosearch-gen/src/lib.rs
expression: spec
---
{
  "types": {
    "_types.mapping.AggregateMetricDoubleProperty": {
      "name": "aggregate_metric_double",
      "parameters": {
        "default_metric": {
          "Optional": {
            "Scalar": "String"
          }
        },
        "dynamic": {
          "Optional": {
            "Scalar": "String"
          }
        },
        "fields": {
          "Optional": "Object"
        },
        "ignore_above": {
          "Optional": {
            "Scalar": "Double"
          }
        },
        "ignore_malformed": {
          "Optional": {
            "Scalar": "Boolean"
          }
        },
        "meta": {
          "Map": [
            "String",
            {
              "Scalar": "String"
            }
          ]
        },
        "metrics": {
          "Repeated": {
            "Scalar": "String"
          }
        },
        "properties": {
          "Optional": "Object"
        },
        "synthetic_source_keep": {
          "Optional": {
            "Scalar": "String"
          }
        },
        "time_series_metric": {
          "Optional": {
            "Scalar": "String"
          }
        }
      }
    },
    "_types.mapping.BinaryProperty": {
      "name": "binary",
      "parameters": {
        "copy_to": {
          "Optional": {
            "Scalar": "String"
          }
        },
        "doc_values": {
          "Optional": {
            "Scalar": "Boolean"
          }
        },
        "dynamic": {
          "Optional": {
            "Scalar": "String"
          }
        },
        "fields": {
          "Optional": "Object"
        },
        "ignore_above": {
          "Optional": {
            "Scalar": "Double"
          }
        },
        "meta": {
          "Map": [
            "String",
            {
              "Scalar": "String"
            }
          ]
        },
        "properties": {
          "Optional": "Object"
        },
        "store": {
          "Optional": {
            "Scalar": "Boolean"
          }
        },
        "synthetic_source_keep": {
          "Optional": {
            "Scalar": "String"
          }
        }
      }
    },
    "_types.mapping.BooleanProperty": {
      "name": "boolean",
      "parameters": {
        "boost": {
          "Optional": {
            "Scalar": "Double"
          }
        },
        "copy_to": {
          "Optional": {
            "Scalar": "String"
          }
        },
        "doc_values": {
          "Optional": {
            "Scalar": "Boolean"
          }
        },
        "dynamic": {
          "Optional": {
            "Scalar": "String"
          }
        },
        "fielddata": {
          "Optional": {
            "Definition": "indices._types.NumericFielddata"
          }
        },
        "fields": {
          "Optional": "Object"
        },
        "ignore_above": {
          "Optional": {
            "Scalar": "Double"
          }
        },
        "ignore_malformed": {
          "Optional": {
            "Scalar": "Boolean"
          }
        },
        "index": {
          "Optional": {
            "Scalar": "Boolean"
          }
        },
        "meta": {
          "Map": [
            "String",
            {
              "Scalar": "String"
            }
          ]
        },
        "null_value": {
          "Optional": {
            "Scalar": "Boolean"
          }
        },
        "on_script_error": {
          "Optional": {
            "Scalar": "String"
          }
        },
        "properties": {
          "Optional": "Object"
        },
        "script": {
          "Optional": {
            "Definition": "_types.Script"
          }
        },
        "store": {
          "Optional": {
            "Scalar": "Boolean"
          }
        },
        "synthetic_source_keep": {
          "Optional": {
            "Scalar": "String"
          }
        },
        "time_series_dimension": {
          "Optional": {
            "Scalar": "Boolean"
          }
        }
      }
    },
    "_types.mapping.ByteNumberProperty": {
      "name": "byte",
      "parameters": {
        "boost": {
          "Optional": {
            "Scalar": "Double"
          }
        },
        "coerce": {
          "Optional": {
            "Scalar": "Boolean"
          }
        },
        "copy_to": {
          "Optional": {
            "Scalar": "String"
          }
        },
        "doc_values": {
          "Optional": {
            "Scalar": "Boolean"
          }
        },
        "dynamic": {
          "Optional": {
            "Scalar": "String"
          }
        },
        "fields": {
          "Optional": "Object"
        },
        "ignore_above": {
          "Optional": {
            "Scalar": "Double"
          }
        },
        "ignore_malformed": {
          "Optional": {
            "Scalar": "Boolean"
          }
        },
        "index": {
          "Optional": {
            "Scalar": "Boolean"
          }
        },
        "meta": {
          "Map": [
            "String",
            {
              "Scalar": "String"
            }
          ]
        },
        "null_value": {
          "Optional": {
            "Scalar": "Double"
          }
        },
        "on_script_error": {
          "Optional": {
            "Scalar": "String"
          }
        },
        "properties": {
          "Optional": "Object"
        },
        "script": {
          "Optional": {
            "Definition": "_types.Script"
          }
        },
        "store": {
          "Optional": {
            "Scalar": "Boolean"
          }
        },
        "synthetic_source_keep": {
          "Optional": {
            "Scalar": "String"
          }
        },
        "time_series_dimension": {
          "Optional": {
            "Scalar": "Boolean"
          }
        },
        "time_series_metric": {
          "Optional": {
            "Scalar": "String"
          }
        }
      }
    },
    "_types.mapping.CompletionProperty": {
      "name": "completion",
      "parameters": {
        "analyzer": {
          "Optional": {
            "Scalar": "String"
          }
        },
        "contexts": {
          "Repeated": {
            "Definition": "_types.mapping.SuggestContext"
          }
        },
        "copy_to": {
          "Optional": {
            "Scalar": "String"
          }
        },
        "doc_values": {
          "Optional": {
            "Scalar": "Boolean"
          }
        },
        "dynamic": {
          "Optional": {
            "Scalar": "String"
          }
        },
        "fields": {
          "Optional": "Object"
        },
        "ignore_above": {
          "Optional": {
            "Scalar": "Double"
          }
        },
        "max_input_length": {
          "Optional": {
            "Scalar": "Double"
          }
        },
        "meta": {
          "Map": [
            "String",
            {
              "Scalar": "String"
            }
          ]
        },
        "preserve_position_increments": {
          "Optional": {
            "Scalar": "Boolean"
          }
        },
        "preserve_separators": {
          "Optional": {
            "Scalar": "Boolean"
          }
        },
        "properties": {
          "Optional": "Object"
        },
        "search_analyzer": {
          "Optional": {
            "Scalar": "String"
          }
        },
        "store": {
          "Optional": {
            "Scalar": "Boolean"
          }
        },
        "synthetic_source_keep": {
          "Optional": {
            "Scalar": "String"
          }
        }
      }
    },
    "_types.mapping.ConstantKeywordProperty": {
      "name": "constant_keyword",
      "parameters": {
        "dynamic": {
          "Optional": {
            "Scalar": "String"
          }
        },
        "fields": {
          "Optional": "Object"
        },
        "ignore_above": {
          "Optional": {
            "Scalar": "Double"
          }
        },
        "meta": {
          "Map": [
            "String",
            {
              "Scalar": "String"
            }
          ]
        },
        "properties": {
          "Optional": "Object"
        },
        "synthetic_source_keep": {
          "Optional": {
            "Scalar": "String"
          }
        },
        "value": {
          "Optional": "Object"
        }
      }
    },
    "_types.mapping.CountedKeywordProperty": {
      "name": "counted_keyword",
      "parameters": {
        "dynamic": {
          "Optional": {
            "Scalar": "String"
          }
        },
        "fields": {
          "Optional": "Object"
        },
        "ignore_above": {
          "Optional": {
            "Scalar": "Double"
          }
        },
        "index": {
          "Optional": {
            "Scalar": "Boolean"
          }
        },
        "meta": {
          "Map": [
            "String",
            {
              "Scalar": "String"
            }
          ]
        },
        "properties": {
          "Optional": "Object"
        },
        "synthetic_source_keep": {
          "Optional": {
            "Scalar": "String"
          }
        }
      }
    },
    "_types.mapping.DateNanosProperty": {
      "name": "date_nanos",
      "parameters": {
        "boost": {
          "Optional": {
            "Scalar": "Double"
          }
        },
        "copy_to": {
          "Optional": {
            "Scalar": "String"
          }
        },
        "doc_values": {
          "Optional": {
            "Scalar": "Boolean"
          }
        },
        "dynamic": {
          "Optional": {
            "Scalar": "String"
          }
        },
        "fields": {
          "Optional": "Object"
        },
        "format": {
          "Optional": {
            "Scalar": "String"
          }
        },
        "ignore_above": {
          "Optional": {
            "Scalar": "Double"
          }
        },
        "ignore_malformed": {
          "Optional": {
            "Scalar": "Boolean"
          }
        },
        "index": {
          "Optional": {
            "Scalar": "Boolean"
          }
        },
        "meta": {
          "Map": [
            "String",
            {
              "Scalar": "String"
            }
          ]
        },
        "null_value": {
          "Optional": {
            "Scalar": "String"
          }
        },
        "on_script_error": {
          "Optional": {
            "Scalar": "String"
          }
        },
        "precision_step": {
          "Optional": {
            "Scalar": "Double"
          }
        },
        "properties": {
          "Optional": "Object"
        },
        "script": {
          "Optional": {
            "Definition": "_types.Script"
          }
        },
        "store": {
          "Optional": {
            "Scalar": "Boolean"
          }
        },
        "synthetic_source_keep": {
          "Optional": {
            "Scalar": "String"
          }
        }
      }
    },
    "_types.mapping.DateProperty": {
      "name": "date",
      "parameters": {
        "boost": {
          "Optional": {
            "Scalar": "Double"
          }
        },
        "copy_to": {
          "Optional": {
            "Scalar": "String"
          }
        },
        "doc_values": {
          "Optional": {
            "Scalar": "Boolean"
          }
        },
        "dynamic": {
          "Optional": {
            "Scalar": "String"
          }
        },
        "fielddata": {
          "Optional": {
            "Definition": "indices._types.NumericFielddata"
          }
        },
        "fields": {
          "Optional": "Object"
        },
        "format": {
          "Optional": {
            "Scalar": "String"
          }
        },
        "ignore_above": {
          "Optional": {
            "Scalar": "Double"
          }
        },
        "ignore_malformed": {
          "Optional": {
            "Scalar": "Boolean"
          }
        },
        "index": {
          "Optional": {
            "Scalar": "Boolean"
          }
        },
        "locale": {
          "Optional": {
            "Scalar": "String"
          }
        },
        "meta": {
          "Map": [
            "String",
            {
              "Scalar": "String"
            }
          ]
        },
        "null_value": {
          "Optional": {
            "Scalar": "String"
          }
        },
        "on_script_error": {
          "Optional": {
            "Scalar": "String"
          }
        },
        "precision_step": {
          "Optional": {
            "Scalar": "Double"
          }
        },
        "properties": {
          "Optional": "Object"
        },
        "script": {
          "Optional": {
            "Definition": "_types.Script"
          }
        },
        "store": {
          "Optional": {
            "Scalar": "Boolean"
          }
        },
        "synthetic_source_keep": {
          "Optional": {
            "Scalar": "String"
          }
        }
      }
    },
    "_types.mapping.DateRangeProperty": {
      "name": "date_range",
      "parameters": {
        "boost": {
          "Optional": {
            "Scalar": "Double"
          }
        },
        "coerce": {
          "Optional": {
            "Scalar": "Boolean"
          }
        },
        "copy_to": {
          "Optional": {
            "Scalar": "String"
          }
        },
        "doc_values": {
          "Optional": {
            "Scalar": "Boolean"
          }
        },
        "dynamic": {
          "Optional": {
            "Scalar": "String"
          }
        },
        "fields": {
          "Optional": "Object"
        },
        "format": {
          "Optional": {
            "Scalar": "String"
          }
        },
        "ignore_above": {
          "Optional": {
            "Scalar": "Double"
          }
        },
        "index": {
          "Optional": {
            "Scalar": "Boolean"
          }
        },
        "meta": {
          "Map": [
            "String",
            {
              "Scalar": "String"
            }
          ]
        },
        "properties": {
          "Optional": "Object"
        },
        "store": {
          "Optional": {
            "Scalar": "Boolean"
          }
        },
        "synthetic_source_keep": {
          "Optional": {
            "Scalar": "String"
          }
        }
      }
    },
    "_types.mapping.DenseVectorProperty": {
      "name": "dense_vector",
      "parameters": {
        "dims": {
          "Optional": {
            "Scalar": "Double"
          }
        },
        "dynamic": {
          "Optional": {
            "Scalar": "String"
          }
        },
        "element_type": {
          "Optional": {
            "Scalar": "String"
          }
        },
        "fields": {
          "Optional": "Object"
        },
        "ignore_above": {
          "Optional": {
            "Scalar": "Double"
          }
        },
        "index": {
          "Optional": {
            "Scalar": "Boolean"
          }
        },
        "index_options": {
          "Optional": {
            "Definition": "_types.mapping.DenseVectorIndexOptions"
          }
        },
        "meta": {
          "Map": [
            "String",
            {
              "Scalar": "String"
            }
          ]
        },
        "properties": {
          "Optional": "Object"
        },
        "similarity": {
          "Optional": {
            "Scalar": "String"
          }
        },
        "synthetic_source_keep": {
          "Optional": {
            "Scalar": "String"
          }
        }
      }
    },
    "_types.mapping.DoubleNumberProperty": {
      "name": "double",
      "parameters": {
        "boost": {
          "Optional": {
            "Scalar": "Double"
          }
        },
        "coerce": {
          "Optional": {
            "Scalar": "Boolean"
          }
        },
        "copy_to": {
          "Optional": {
            "Scalar": "String"
          }
        },
        "doc_values": {
          "Optional": {
            "Scalar": "Boolean"
          }
        },
        "dynamic": {
          "Optional": {
            "Scalar": "String"
          }
        },
        "fields": {
          "Optional": "Object"
        },
        "ignore_above": {
          "Optional": {
            "Scalar": "Double"
          }
        },
        "ignore_malformed": {
          "Optional": {
            "Scalar": "Boolean"
          }
        },
        "index": {
          "Optional": {
            "Scalar": "Boolean"
          }
        },
        "meta": {
          "Map": [
            "String",
            {
              "Scalar": "String"
            }
          ]
        },
        "null_value": {
          "Optional": {
            "Scalar": "Double"
          }
        },
        "on_script_error": {
          "Optional": {
            "Scalar": "String"
          }
        },
        "properties": {
          "Optional": "Object"
        },
        "script": {
          "Optional": {
            "Definition": "_types.Script"
          }
        },
        "store": {
          "Optional": {
            "Scalar": "Boolean"
          }
        },
        "synthetic_source_keep": {
          "Optional": {
            "Scalar": "String"
          }
        },
        "time_series_dimension": {
          "Optional": {
            "Scalar": "Boolean"
          }
        },
        "time_series_metric": {
          "Optional": {
            "Scalar": "String"
          }
        }
      }
    },
    "_types.mapping.DoubleRangeProperty": {
      "name": "double_range",
      "parameters": {
        "boost": {
          "Optional": {
            "Scalar": "Double"
          }
        },
        "coerce": {
          "Optional": {
            "Scalar": "Boolean"
          }
        },
        "copy_to": {
          "Optional": {
            "Scalar": "String"
          }
        },
        "doc_values": {
          "Optional": {
            "Scalar": "Boolean"
          }
        },
        "dynamic": {
          "Optional": {
            "Scalar": "String"
          }
        },
        "fields": {
          "Optional": "Object"
        },
        "ignore_above": {
          "Optional": {
            "Scalar": "Double"
          }
        },
        "index": {
          "Optional": {
            "Scalar": "Boolean"
          }
        },
        "meta": {
          "Map": [
            "String",
            {
              "Scalar": "String"
            }
          ]
        },
        "properties": {
          "Optional": "Object"
        },
        "store": {
          "Optional": {
            "Scalar": "Boolean"
          }
        },
        "synthetic_source_keep": {
          "Optional": {
            "Scalar": "String"
          }
        }
      }
    },
    "_types.mapping.FieldAliasProperty": {
      "name": "alias",
      "parameters": {
        "dynamic": {
          "Optional": {
            "Scalar": "String"
          }
        },
        "fields": {
          "Optional": "Object"
        },
        "ignore_above": {
          "Optional": {
            "Scalar": "Double"
          }
        },
        "meta": {
          "Map": [
            "String",
            {
              "Scalar": "String"
            }
          ]
        },
        "path": {
          "Optional": {
            "Scalar": "String"
          }
        },
        "properties": {
          "Optional": "Object"
        },
        "synthetic_source_keep": {
          "Optional": {
            "Scalar": "String"
          }
        }
      }
    },
    "_types.mapping.FlattenedProperty": {
      "name": "flattened",
      "parameters": {
        "boost": {
          "Optional": {
            "Scalar": "Double"
          }
        },
        "depth_limit": {
          "Optional": {
            "Scalar": "Double"
          }
        },
        "doc_values": {
          "Optional": {
            "Scalar": "Boolean"
          }
        },
        "dynamic": {
          "Optional": {
            "Scalar": "String"
          }
        },
        "eager_global_ordinals": {
          "Optional": {
            "Scalar": "Boolean"
          }
        },
        "fields": {
          "Optional": "Object"
        },
        "ignore_above": {
          "Optional": {
            "Scalar": "Double"
          }
        },
        "index": {
          "Optional": {
            "Scalar": "Boolean"
          }
        },
        "index_options": {
          "Optional": {
            "Scalar": "String"
          }
        },
        "meta": {
          "Map": [
            "String",
            {
              "Scalar": "String"
            }
          ]
        },
        "null_value": {
          "Optional": {
            "Scalar": "String"
          }
        },
        "properties": {
          "Optional": "Object"
        },
        "similarity": {
          "Optional": {
            "Scalar": "String"
          }
        },
        "split_queries_on_whitespace": {
          "Optional": {
            "Scalar": "Boolean"
          }
        },
        "synthetic_source_keep": {
          "Optional": {
            "Scalar": "String"
          }
        },
        "time_series_dimensions": {
          "Repeated": {
            "Scalar": "String"
          }
        }
      }
    },
    "_types.mapping.FloatNumberProperty": {
      "name": "float",
      "parameters": {
        "boost": {
          "Optional": {
            "Scalar": "Double"
          }
        },
        "coerce": {
          "Optional": {
            "Scalar": "Boolean"
          }
        },
        "copy_to": {
          "Optional": {
            "Scalar": "String"
          }
        },
        "doc_values": {
          "Optional": {
            "Scalar": "Boolean"
          }
        },
        "dynamic": {
          "Optional": {
            "Scalar": "String"
          }
        },
        "fields": {
          "Optional": "Object"
        },
        "ignore_above": {
          "Optional": {
            "Scalar": "Double"
          }
        },
        "ignore_malformed": {
          "Optional": {
            "Scalar": "Boolean"
          }
        },
        "index": {
          "Optional": {
            "Scalar": "Boolean"
          }
        },
        "meta": {
          "Map": [
            "String",
            {
              "Scalar": "String"
            }
          ]
        },
        "null_value": {
          "Optional": {
            "Scalar": "Double"
          }
        },
        "on_script_error": {
          "Optional": {
            "Scalar": "String"
          }
        },
        "properties": {
          "Optional": "Object"
        },
        "script": {
          "Optional": {
            "Definition": "_types.Script"
          }
        },
        "store": {
          "Optional": {
            "Scalar": "Boolean"
          }
        },
        "synthetic_source_keep": {
          "Optional": {
            "Scalar": "String"
          }
        },
        "time_series_dimension": {
          "Optional": {
            "Scalar": "Boolean"
          }
        },
        "time_series_metric": {
          "Optional": {
            "Scalar": "String"
          }
        }
      }
    },
    "_types.mapping.FloatRangeProperty": {
      "name": "float_range",
      "parameters": {
        "boost": {
          "Optional": {
            "Scalar": "Double"
          }
        },
        "coerce": {
          "Optional": {
            "Scalar": "Boolean"
          }
        },
        "copy_to": {
          "Optional": {
            "Scalar": "String"
          }
        },
        "doc_values": {
          "Optional": {
            "Scalar": "Boolean"
          }
        },
        "dynamic": {
          "Optional": {
            "Scalar": "String"
          }
        },
        "fields": {
          "Optional": "Object"
        },
        "ignore_above": {
          "Optional": {
            "Scalar": "Double"
          }
        },
        "index": {
          "Optional": {
            "Scalar": "Boolean"
          }
        },
        "meta": {
          "Map": [
            "String",
            {
              "Scalar": "String"
            }
          ]
        },
        "properties": {
          "Optional": "Object"
        },
        "store": {
          "Optional": {
            "Scalar": "Boolean"
          }
        },
        "synthetic_source_keep": {
          "Optional": {
            "Scalar": "String"
          }
        }
      }
    },
    "_types.mapping.GeoPointProperty": {
      "name": "geo_point",
      "parameters": {
        "copy_to": {
          "Optional": {
            "Scalar": "String"
          }
        },
        "doc_values": {
          "Optional": {
            "Scalar": "Boolean"
          }
        },
        "dynamic": {
          "Optional": {
            "Scalar": "String"
          }
        },
        "fields": {
          "Optional": "Object"
        },
        "ignore_above": {
          "Optional": {
            "Scalar": "Double"
          }
        },
        "ignore_malformed": {
          "Optional": {
            "Scalar": "Boolean"
          }
        },
        "ignore_z_value": {
          "Optional": {
            "Scalar": "Boolean"
          }
        },
        "index": {
          "Optional": {
            "Scalar": "Boolean"
          }
        },
        "meta": {
          "Map": [
            "String",
            {
              "Scalar": "String"
            }
          ]
        },
        "null_value": {
          "Optional": {
            "Definition": "_types.LatLonGeoLocation"
          }
        },
        "on_script_error": {
          "Optional": {
            "Scalar": "String"
          }
        },
        "properties": {
          "Optional": "Object"
        },
        "script": {
          "Optional": {
            "Definition": "_types.Script"
          }
        },
        "store": {
          "Optional": {
            "Scalar": "Boolean"
          }
        },
        "synthetic_source_keep": {
          "Optional": {
            "Scalar": "String"
          }
        },
        "time_series_metric": {
          "Optional": {
            "Scalar": "String"
          }
        }
      }
    },
    "_types.mapping.GeoShapeProperty": {
      "name": "geo_shape",
      "parameters": {
        "coerce": {
          "Optional": {
            "Scalar": "Boolean"
          }
        },
        "copy_to": {
          "Optional": {
            "Scalar": "String"
          }
        },
        "doc_values": {
          "Optional": {
            "Scalar": "Boolean"
          }
        },
        "dynamic": {
          "Optional": {
            "Scalar": "String"
          }
        },
        "fields": {
          "Optional": "Object"
        },
        "ignore_above": {
          "Optional": {
            "Scalar": "Double"
          }
        },
        "ignore_malformed": {
          "Optional": {
            "Scalar": "Boolean"
          }
        },
        "ignore_z_value": {
          "Optional": {
            "Scalar": "Boolean"
          }
        },
        "index": {
          "Optional": {
            "Scalar": "Boolean"
          }
        },
        "meta": {
          "Map": [
            "String",
            {
              "Scalar": "String"
            }
          ]
        },
        "orientation": {
          "Optional": {
            "Scalar": "String"
          }
        },
        "properties": {
          "Optional": "Object"
        },
        "store": {
          "Optional": {
            "Scalar": "Boolean"
          }
        },
        "strategy": {
          "Optional": {
            "Scalar": "String"
          }
        },
        "synthetic_source_keep": {
          "Optional": {
            "Scalar": "String"
          }
        }
      }
    },
    "_types.mapping.HalfFloatNumberProperty": {
      "name": "half_float",
      "parameters": {
        "boost": {
          "Optional": {
            "Scalar": "Double"
          }
        },
        "coerce": {
          "Optional": {
            "Scalar": "Boolean"
          }
        },
        "copy_to": {
          "Optional": {
            "Scalar": "String"
          }
        },
        "doc_values": {
          "Optional": {
            "Scalar": "Boolean"
          }
        },
        "dynamic": {
          "Optional": {
            "Scalar": "String"
          }
        },
        "fields": {
          "Optional": "Object"
        },
        "ignore_above": {
          "Optional": {
            "Scalar": "Double"
          }
        },
        "ignore_malformed": {
          "Optional": {
            "Scalar": "Boolean"
          }
        },
        "index": {
          "Optional": {
            "Scalar": "Boolean"
          }
        },
        "meta": {
          "Map": [
            "String",
            {
              "Scalar": "String"
            }
          ]
        },
        "null_value": {
          "Optional": {
            "Scalar": "Double"
          }
        },
        "on_script_error": {
          "Optional": {
            "Scalar": "String"
          }
        },
        "properties": {
          "Optional": "Object"
        },
        "script": {
          "Optional": {
            "Definition": "_types.Script"
          }
        },
        "store": {
          "Optional": {
            "Scalar": "Boolean"
          }
        },
        "synthetic_source_keep": {
          "Optional": {
            "Scalar": "String"
          }
        },
        "time_series_dimension": {
          "Optional": {
            "Scalar": "Boolean"
          }
        },
        "time_series_metric": {
          "Optional": {
            "Scalar": "String"
          }
        }
      }
    },
    "_types.mapping.HistogramProperty": {
      "name": "histogram",
      "parameters": {
        "dynamic": {
          "Optional": {
            "Scalar": "String"
          }
        },
        "fields": {
          "Optional": "Object"
        },
        "ignore_above": {
          "Optional": {
            "Scalar": "Double"
          }
        },
        "ignore_malformed": {
          "Optional": {
            "Scalar": "Boolean"
          }
        },
        "meta": {
          "Map": [
            "String",
            {
              "Scalar": "String"
            }
          ]
        },
        "properties": {
          "Optional": "Object"
        },
        "synthetic_source_keep": {
          "Optional": {
            "Scalar": "String"
          }
        }
      }
    },
    "_types.mapping.IcuCollationProperty": {
      "name": "icu_collation_keyword",
      "parameters": {
        "alternate": {
          "Optional": {
            "Scalar": "String"
          }
        },
        "case_first": {
          "Optional": {
            "Scalar": "String"
          }
        },
        "case_level": {
          "Optional": {
            "Scalar": "Boolean"
          }
        },
        "copy_to": {
          "Optional": {
            "Scalar": "String"
          }
        },
        "country": {
          "Optional": {
            "Scalar": "String"
          }
        },
        "decomposition": {
          "Optional": {
            "Scalar": "String"
          }
        },
        "doc_values": {
          "Optional": {
            "Scalar": "Boolean"
          }
        },
        "dynamic": {
          "Optional": {
            "Scalar": "String"
          }
        },
        "fields": {
          "Optional": "Object"
        },
        "hiragana_quaternary_mode": {
          "Optional": {
            "Scalar": "Boolean"
          }
        },
        "ignore_above": {
          "Optional": {
            "Scalar": "Double"
          }
        },
        "index": {
          "Optional": {
            "Scalar": "Boolean"
          }
        },
        "index_options": {
          "Optional": {
            "Scalar": "String"
          }
        },
        "language": {
          "Optional": {
            "Scalar": "String"
          }
        },
        "meta": {
          "Map": [
            "String",
            {
              "Scalar": "String"
            }
          ]
        },
        "norms": {
          "Optional": {
            "Scalar": "Boolean"
          }
        },
        "null_value": {
          "Optional": {
            "Scalar": "String"
          }
        },
        "numeric": {
          "Optional": {
            "Scalar": "Boolean"
          }
        },
        "properties": {
          "Optional": "Object"
        },
        "rules": {
          "Optional": {
            "Scalar": "String"
          }
        },
        "store": {
          "Optional": {
            "Scalar": "Boolean"
          }
        },
        "strength": {
          "Optional": {
            "Scalar": "String"
          }
        },
        "synthetic_source_keep": {
          "Optional": {
            "Scalar": "String"
          }
        },
        "variable_top": {
          "Optional": {
            "Scalar": "String"
          }
        },
        "variant": {
          "Optional": {
            "Scalar": "String"
          }
        }
      }
    },
    "_types.mapping.IntegerNumberProperty": {
      "name": "integer",
      "parameters": {
        "boost": {
          "Optional": {
            "Scalar": "Double"
          }
        },
        "coerce": {
          "Optional": {
            "Scalar": "Boolean"
          }
        },
        "copy_to": {
          "Optional": {
            "Scalar": "String"
          }
        },
        "doc_values": {
          "Optional": {
            "Scalar": "Boolean"
          }
        },
        "dynamic": {
          "Optional": {
            "Scalar": "String"
          }
        },
        "fields": {
          "Optional": "Object"
        },
        "ignore_above": {
          "Optional": {
            "Scalar": "Double"
          }
        },
        "ignore_malformed": {
          "Optional": {
            "Scalar": "Boolean"
          }
        },
        "index": {
          "Optional": {
            "Scalar": "Boolean"
          }
        },
        "meta": {
          "Map": [
            "String",
            {
              "Scalar": "String"
            }
          ]
        },
        "null_value": {
          "Optional": {
            "Scalar": "Double"
          }
        },
        "on_script_error": {
          "Optional": {
            "Scalar": "String"
          }
        },
        "properties": {
          "Optional": "Object"
        },
        "script": {
          "Optional": {
            "Definition": "_types.Script"
          }
        },
        "store": {
          "Optional": {
            "Scalar": "Boolean"
          }
        },
        "synthetic_source_keep": {
          "Optional": {
            "Scalar": "String"
          }
        },
        "time_series_dimension": {
          "Optional": {
            "Scalar": "Boolean"
          }
        },
        "time_series_metric": {
          "Optional": {
            "Scalar": "String"
          }
        }
      }
    },
    "_types.mapping.IntegerRangeProperty": {
      "name": "integer_range",
      "parameters": {
        "boost": {
          "Optional": {
            "Scalar": "Double"
          }
        },
        "coerce": {
          "Optional": {
            "Scalar": "Boolean"
          }
        },
        "copy_to": {
          "Optional": {
            "Scalar": "String"
          }
        },
        "doc_values": {
          "Optional": {
            "Scalar": "Boolean"
          }
        },
        "dynamic": {
          "Optional": {
            "Scalar": "String"
          }
        },
        "fields": {
          "Optional": "Object"
        },
        "ignore_above": {
          "Optional": {
            "Scalar": "Double"
          }
        },
        "index": {
          "Optional": {
            "Scalar": "Boolean"
          }
        },
        "meta": {
          "Map": [
            "String",
            {
              "Scalar": "String"
            }
          ]
        },
        "properties": {
          "Optional": "Object"
        },
        "store": {
          "Optional": {
            "Scalar": "Boolean"
          }
        },
        "synthetic_source_keep": {
          "Optional": {
            "Scalar": "String"
          }
        }
      }
    },
    "_types.mapping.IpProperty": {
      "name": "ip",
      "parameters": {
        "boost": {
          "Optional": {
            "Scalar": "Double"
          }
        },
        "copy_to": {
          "Optional": {
            "Scalar": "String"
          }
        },
        "doc_values": {
          "Optional": {
            "Scalar": "Boolean"
          }
        },
        "dynamic": {
          "Optional": {
            "Scalar": "String"
          }
        },
        "fields": {
          "Optional": "Object"
        },
        "ignore_above": {
          "Optional": {
            "Scalar": "Double"
          }
        },
        "ignore_malformed": {
          "Optional": {
            "Scalar": "Boolean"
          }
        },
        "index": {
          "Optional": {
            "Scalar": "Boolean"
          }
        },
        "meta": {
          "Map": [
            "String",
            {
              "Scalar": "String"
            }
          ]
        },
        "null_value": {
          "Optional": {
            "Scalar": "String"
          }
        },
        "on_script_error": {
          "Optional": {
            "Scalar": "String"
          }
        },
        "properties": {
          "Optional": "Object"
        },
        "script": {
          "Optional": {
            "Definition": "_types.Script"
          }
        },
        "store": {
          "Optional": {
            "Scalar": "Boolean"
          }
        },
        "synthetic_source_keep": {
          "Optional": {
            "Scalar": "String"
          }
        },
        "time_series_dimension": {
          "Optional": {
            "Scalar": "Boolean"
          }
        }
      }
    },
    "_types.mapping.IpRangeProperty": {
      "name": "ip_range",
      "parameters": {
        "boost": {
          "Optional": {
            "Scalar": "Double"
          }
        },
        "coerce": {
          "Optional": {
            "Scalar": "Boolean"
          }
        },
        "copy_to": {
          "Optional": {
            "Scalar": "String"
          }
        },
        "doc_values": {
          "Optional": {
            "Scalar": "Boolean"
          }
        },
        "dynamic": {
          "Optional": {
            "Scalar": "String"
          }
        },
        "fields": {
          "Optional": "Object"
        },
        "ignore_above": {
          "Optional": {
            "Scalar": "Double"
          }
        },
        "index": {
          "Optional": {
            "Scalar": "Boolean"
          }
        },
        "meta": {
          "Map": [
            "String",
            {
              "Scalar": "String"
            }
          ]
        },
        "properties": {
          "Optional": "Object"
        },
        "store": {
          "Optional": {
            "Scalar": "Boolean"
          }
        },
        "synthetic_source_keep": {
          "Optional": {
            "Scalar": "String"
          }
        }
      }
    },
    "_types.mapping.JoinProperty": {
      "name": "join",
      "parameters": {
        "dynamic": {
          "Optional": {
            "Scalar": "String"
          }
        },
        "eager_global_ordinals": {
          "Optional": {
            "Scalar": "Boolean"
          }
        },
        "fields": {
          "Optional": "Object"
        },
        "ignore_above": {
          "Optional": {
            "Scalar": "Double"
          }
        },
        "meta": {
          "Map": [
            "String",
            {
              "Scalar": "String"
            }
          ]
        },
        "properties": {
          "Optional": "Object"
        },
        "relations": {
          "Map": [
            "String",
            {
              "Scalar": "String"
            }
          ]
        },
        "synthetic_source_keep": {
          "Optional": {
            "Scalar": "String"
          }
        }
      }
    },
    "_types.mapping.KeywordProperty": {
      "name": "keyword",
      "parameters": {
        "boost": {
          "Optional": {
            "Scalar": "Double"
          }
        },
        "copy_to": {
          "Optional": {
            "Scalar": "String"
          }
        },
        "doc_values": {
          "Optional": {
            "Scalar": "Boolean"
          }
        },
        "dynamic": {
          "Optional": {
            "Scalar": "String"
          }
        },
        "eager_global_ordinals": {
          "Optional": {
            "Scalar": "Boolean"
          }
        },
        "fields": {
          "Optional": "Object"
        },
        "ignore_above": {
          "Optional": {
            "Scalar": "Double"
          }
        },
        "index": {
          "Optional": {
            "Scalar": "Boolean"
          }
        },
        "index_options": {
          "Optional": {
            "Scalar": "String"
          }
        },
        "meta": {
          "Map": [
            "String",
            {
              "Scalar": "String"
            }
          ]
        },
        "normalizer": {
          "Optional": {
            "Scalar": "String"
          }
        },
        "norms": {
          "Optional": {
            "Scalar": "Boolean"
          }
        },
        "null_value": {
          "Optional": {
            "Scalar": "String"
          }
        },
        "on_script_error": {
          "Optional": {
            "Scalar": "String"
          }
        },
        "properties": {
          "Optional": "Object"
        },
        "script": {
          "Optional": {
            "Definition": "_types.Script"
          }
        },
        "similarity": {
          "Optional": {
            "Scalar": "String"
          }
        },
        "split_queries_on_whitespace": {
          "Optional": {
            "Scalar": "Boolean"
          }
        },
        "store": {
          "Optional": {
            "Scalar": "Boolean"
          }
        },
        "synthetic_source_keep": {
          "Optional": {
            "Scalar": "String"
          }
        },
        "time_series_dimension": {
          "Optional": {
            "Scalar": "Boolean"
          }
        }
      }
    },
    "_types.mapping.LongNumberProperty": {
      "name": "long",
      "parameters": {
        "boost": {
          "Optional": {
            "Scalar": "Double"
          }
        },
        "coerce": {
          "Optional": {
            "Scalar": "Boolean"
          }
        },
        "copy_to": {
          "Optional": {
            "Scalar": "String"
          }
        },
        "doc_values": {
          "Optional": {
            "Scalar": "Boolean"
          }
        },
        "dynamic": {
          "Optional": {
            "Scalar": "String"
          }
        },
        "fields": {
          "Optional": "Object"
        },
        "ignore_above": {
          "Optional": {
            "Scalar": "Double"
          }
        },
        "ignore_malformed": {
          "Optional": {
            "Scalar": "Boolean"
          }
        },
        "index": {
          "Optional": {
            "Scalar": "Boolean"
          }
        },
        "meta": {
          "Map": [
            "String",
            {
              "Scalar": "String"
            }
          ]
        },
        "null_value": {
          "Optional": {
            "Scalar": "Double"
          }
        },
        "on_script_error": {
          "Optional": {
            "Scalar": "String"
          }
        },
        "properties": {
          "Optional": "Object"
        },
        "script": {
          "Optional": {
            "Definition": "_types.Script"
          }
        },
        "store": {
          "Optional": {
            "Scalar": "Boolean"
          }
        },
        "synthetic_source_keep": {
          "Optional": {
            "Scalar": "String"
          }
        },
        "time_series_dimension": {
          "Optional": {
            "Scalar": "Boolean"
          }
        },
        "time_series_metric": {
          "Optional": {
            "Scalar": "String"
          }
        }
      }
    },
    "_types.mapping.LongRangeProperty": {
      "name": "long_range",
      "parameters": {
        "boost": {
          "Optional": {
            "Scalar": "Double"
          }
        },
        "coerce": {
          "Optional": {
            "Scalar": "Boolean"
          }
        },
        "copy_to": {
          "Optional": {
            "Scalar": "String"
          }
        },
        "doc_values": {
          "Optional": {
            "Scalar": "Boolean"
          }
        },
        "dynamic": {
          "Optional": {
            "Scalar": "String"
          }
        },
        "fields": {
          "Optional": "Object"
        },
        "ignore_above": {
          "Optional": {
            "Scalar": "Double"
          }
        },
        "index": {
          "Optional": {
            "Scalar": "Boolean"
          }
        },
        "meta": {
          "Map": [
            "String",
            {
              "Scalar": "String"
            }
          ]
        },
        "properties": {
          "Optional": "Object"
        },
        "store": {
          "Optional": {
            "Scalar": "Boolean"
          }
        },
        "synthetic_source_keep": {
          "Optional": {
            "Scalar": "String"
          }
        }
      }
    },
    "_types.mapping.MatchOnlyTextProperty": {
      "name": "match_only_text",
      "parameters": {
        "copy_to": {
          "Optional": {
            "Scalar": "String"
          }
        },
        "fields": {
          "Optional": "Object"
        },
        "meta": {
          "Map": [
            "String",
            {
              "Scalar": "String"
            }
          ]
        }
      }
    },
    "_types.mapping.Murmur3HashProperty": {
      "name": "murmur3",
      "parameters": {
        "copy_to": {
          "Optional": {
            "Scalar": "String"
          }
        },
        "doc_values": {
          "Optional": {
            "Scalar": "Boolean"
          }
        },
        "dynamic": {
          "Optional": {
            "Scalar": "String"
          }
        },
        "fields": {
          "Optional": "Object"
        },
        "ignore_above": {
          "Optional": {
            "Scalar": "Double"
          }
        },
        "meta": {
          "Map": [
            "String",
            {
              "Scalar": "String"
            }
          ]
        },
        "properties": {
          "Optional": "Object"
        },
        "store": {
          "Optional": {
            "Scalar": "Boolean"
          }
        },
        "synthetic_source_keep": {
          "Optional": {
            "Scalar": "String"
          }
        }
      }
    },
    "_types.mapping.NestedProperty": {
      "name": "nested",
      "parameters": {
        "copy_to": {
          "Optional": {
            "Scalar": "String"
          }
        },
        "dynamic": {
          "Optional": {
            "Scalar": "String"
          }
        },
        "enabled": {
          "Optional": {
            "Scalar": "Boolean"
          }
        },
        "fields": {
          "Optional": "Object"
        },
        "ignore_above": {
          "Optional": {
            "Scalar": "Double"
          }
        },
        "include_in_parent": {
          "Optional": {
            "Scalar": "Boolean"
          }
        },
        "include_in_root": {
          "Optional": {
            "Scalar": "Boolean"
          }
        },
        "meta": {
          "Map": [
            "String",
            {
              "Scalar": "String"
            }
          ]
        },
        "properties": {
          "Optional": "Object"
        },
        "store": {
          "Optional": {
            "Scalar": "Boolean"
          }
        },
        "synthetic_source_keep": {
          "Optional": {
            "Scalar": "String"
          }
        }
      }
    },
    "_types.mapping.ObjectProperty": {
      "name": "object",
      "parameters": {
        "copy_to": {
          "Optional": {
            "Scalar": "String"
          }
        },
        "dynamic": {
          "Optional": {
            "Scalar": "String"
          }
        },
        "enabled": {
          "Optional": {
            "Scalar": "Boolean"
          }
        },
        "fields": {
          "Optional": "Object"
        },
        "ignore_above": {
          "Optional": {
            "Scalar": "Double"
          }
        },
        "meta": {
          "Map": [
            "String",
            {
              "Scalar": "String"
            }
          ]
        },
        "properties": {
          "Optional": "Object"
        },
        "store": {
          "Optional": {
            "Scalar": "Boolean"
          }
        },
        "subobjects": {
          "Optional": {
            "Scalar": "String"
          }
        },
        "synthetic_source_keep": {
          "Optional": {
            "Scalar": "String"
          }
        }
      }
    },
    "_types.mapping.PassthroughObjectProperty": {
      "name": "passthrough",
      "parameters": {
        "copy_to": {
          "Optional": {
            "Scalar": "String"
          }
        },
        "dynamic": {
          "Optional": {
            "Scalar": "String"
          }
        },
        "enabled": {
          "Optional": {
            "Scalar": "Boolean"
          }
        },
        "fields": {
          "Optional": "Object"
        },
        "ignore_above": {
          "Optional": {
            "Scalar": "Double"
          }
        },
        "meta": {
          "Map": [
            "String",
            {
              "Scalar": "String"
            }
          ]
        },
        "priority": {
          "Optional": {
            "Scalar": "Double"
          }
        },
        "properties": {
          "Optional": "Object"
        },
        "store": {
          "Optional": {
            "Scalar": "Boolean"
          }
        },
        "synthetic_source_keep": {
          "Optional": {
            "Scalar": "String"
          }
        },
        "time_series_dimension": {
          "Optional": {
            "Scalar": "Boolean"
          }
        }
      }
    },
    "_types.mapping.PercolatorProperty": {
      "name": "percolator",
      "parameters": {
        "dynamic": {
          "Optional": {
            "Scalar": "String"
          }
        },
        "fields": {
          "Optional": "Object"
        },
        "ignore_above": {
          "Optional": {
            "Scalar": "Double"
          }
        },
        "meta": {
          "Map": [
            "String",
            {
              "Scalar": "String"
            }
          ]
        },
        "properties": {
          "Optional": "Object"
        },
        "synthetic_source_keep": {
          "Optional": {
            "Scalar": "String"
          }
        }
      }
    },
    "_types.mapping.PointProperty": {
      "name": "point",
      "parameters": {
        "copy_to": {
          "Optional": {
            "Scalar": "String"
          }
        },
        "doc_values": {
          "Optional": {
            "Scalar": "Boolean"
          }
        },
        "dynamic": {
          "Optional": {
            "Scalar": "String"
          }
        },
        "fields": {
          "Optional": "Object"
        },
        "ignore_above": {
          "Optional": {
            "Scalar": "Double"
          }
        },
        "ignore_malformed": {
          "Optional": {
            "Scalar": "Boolean"
          }
        },
        "ignore_z_value": {
          "Optional": {
            "Scalar": "Boolean"
          }
        },
        "meta": {
          "Map": [
            "String",
            {
              "Scalar": "String"
            }
          ]
        },
        "null_value": {
          "Optional": {
            "Scalar": "String"
          }
        },
        "properties": {
          "Optional": "Object"
        },
        "store": {
          "Optional": {
            "Scalar": "Boolean"
          }
        },
        "synthetic_source_keep": {
          "Optional": {
            "Scalar": "String"
          }
        }
      }
    },
    "_types.mapping.RankFeatureProperty": {
      "name": "rank_feature",
      "parameters": {
        "dynamic": {
          "Optional": {
            "Scalar": "String"
          }
        },
        "fields": {
          "Optional": "Object"
        },
        "ignore_above": {
          "Optional": {
            "Scalar": "Double"
          }
        },
        "meta": {
          "Map": [
            "String",
            {
              "Scalar": "String"
            }
          ]
        },
        "positive_score_impact": {
          "Optional": {
            "Scalar": "Boolean"
          }
        },
        "properties": {
          "Optional": "Object"
        },
        "synthetic_source_keep": {
          "Optional": {
            "Scalar": "String"
          }
        }
      }
    },
    "_types.mapping.RankFeaturesProperty": {
      "name": "rank_features",
      "parameters": {
        "dynamic": {
          "Optional": {
            "Scalar": "String"
          }
        },
        "fields": {
          "Optional": "Object"
        },
        "ignore_above": {
          "Optional": {
            "Scalar": "Double"
          }
        },
        "meta": {
          "Map": [
            "String",
            {
              "Scalar": "String"
            }
          ]
        },
        "positive_score_impact": {
          "Optional": {
            "Scalar": "Boolean"
          }
        },
        "properties": {
          "Optional": "Object"
        },
        "synthetic_source_keep": {
          "Optional": {
            "Scalar": "String"
          }
        }
      }
    },
    "_types.mapping.RankVectorProperty": {
      "name": "rank_vectors",
      "parameters": {
        "dims": {
          "Optional": {
            "Scalar": "Double"
          }
        },
        "dynamic": {
          "Optional": {
            "Scalar": "String"
          }
        },
        "element_type": {
          "Optional": {
            "Scalar": "String"
          }
        },
        "fields": {
          "Optional": "Object"
        },
        "ignore_above": {
          "Optional": {
            "Scalar": "Double"
          }
        },
        "meta": {
          "Map": [
            "String",
            {
              "Scalar": "String"
            }
          ]
        },
        "properties": {
          "Optional": "Object"
        },
        "synthetic_source_keep": {
          "Optional": {
            "Scalar": "String"
          }
        }
      }
    },
    "_types.mapping.ScaledFloatNumberProperty": {
      "name": "scaled_float",
      "parameters": {
        "boost": {
          "Optional": {
            "Scalar": "Double"
          }
        },
        "coerce": {
          "Optional": {
            "Scalar": "Boolean"
          }
        },
        "copy_to": {
          "Optional": {
            "Scalar": "String"
          }
        },
        "doc_values": {
          "Optional": {
            "Scalar": "Boolean"
          }
        },
        "dynamic": {
          "Optional": {
            "Scalar": "String"
          }
        },
        "fields": {
          "Optional": "Object"
        },
        "ignore_above": {
          "Optional": {
            "Scalar": "Double"
          }
        },
        "ignore_malformed": {
          "Optional": {
            "Scalar": "Boolean"
          }
        },
        "index": {
          "Optional": {
            "Scalar": "Boolean"
          }
        },
        "meta": {
          "Map": [
            "String",
            {
              "Scalar": "String"
            }
          ]
        },
        "null_value": {
          "Optional": {
            "Scalar": "Double"
          }
        },
        "on_script_error": {
          "Optional": {
            "Scalar": "String"
          }
        },
        "properties": {
          "Optional": "Object"
        },
        "scaling_factor": {
          "Optional": {
            "Scalar": "Double"
          }
        },
        "script": {
          "Optional": {
            "Definition": "_types.Script"
          }
        },
        "store": {
          "Optional": {
            "Scalar": "Boolean"
          }
        },
        "synthetic_source_keep": {
          "Optional": {
            "Scalar": "String"
          }
        },
        "time_series_dimension": {
          "Optional": {
            "Scalar": "Boolean"
          }
        },
        "time_series_metric": {
          "Optional": {
            "Scalar": "String"
          }
        }
      }
    },
    "_types.mapping.SearchAsYouTypeProperty": {
      "name": "search_as_you_type",
      "parameters": {
        "analyzer": {
          "Optional": {
            "Scalar": "String"
          }
        },
        "copy_to": {
          "Optional": {
            "Scalar": "String"
          }
        },
        "dynamic": {
          "Optional": {
            "Scalar": "String"
          }
        },
        "fields": {
          "Optional": "Object"
        },
        "ignore_above": {
          "Optional": {
            "Scalar": "Double"
          }
        },
        "index": {
          "Optional": {
            "Scalar": "Boolean"
          }
        },
        "index_options": {
          "Optional": {
            "Scalar": "String"
          }
        },
        "max_shingle_size": {
          "Optional": {
            "Scalar": "Double"
          }
        },
        "meta": {
          "Map": [
            "String",
            {
              "Scalar": "String"
            }
          ]
        },
        "norms": {
          "Optional": {
            "Scalar": "Boolean"
          }
        },
        "properties": {
          "Optional": "Object"
        },
        "search_analyzer": {
          "Optional": {
            "Scalar": "String"
          }
        },
        "search_quote_analyzer": {
          "Optional": {
            "Scalar": "String"
          }
        },
        "similarity": {
          "Optional": {
            "Scalar": "String"
          }
        },
        "store": {
          "Optional": {
            "Scalar": "Boolean"
          }
        },
        "synthetic_source_keep": {
          "Optional": {
            "Scalar": "String"
          }
        },
        "term_vector": {
          "Optional": {
            "Scalar": "String"
          }
        }
      }
    },
    "_types.mapping.SemanticTextProperty": {
      "name": "semantic_text",
      "parameters": {
        "chunking_settings": {
          "Optional": {
            "Definition": "_types.mapping.ChunkingSettings"
          }
        },
        "fields": {
          "Optional": "Object"
        },
        "index_options": {
          "Optional": {
            "Definition": "_types.mapping.SemanticTextIndexOptions"
          }
        },
        "inference_id": {
          "Optional": {
            "Scalar": "String"
          }
        },
        "meta": {
          "Map": [
            "String",
            {
              "Scalar": "String"
            }
          ]
        },
        "search_inference_id": {
          "Optional": {
            "Scalar": "String"
          }
        }
      }
    },
    "_types.mapping.ShapeProperty": {
      "name": "shape",
      "parameters": {
        "coerce": {
          "Optional": {
            "Scalar": "Boolean"
          }
        },
        "copy_to": {
          "Optional": {
            "Scalar": "String"
          }
        },
        "doc_values": {
          "Optional": {
            "Scalar": "Boolean"
          }
        },
        "dynamic": {
          "Optional": {
            "Scalar": "String"
          }
        },
        "fields": {
          "Optional": "Object"
        },
        "ignore_above": {
          "Optional": {
            "Scalar": "Double"
          }
        },
        "ignore_malformed": {
          "Optional": {
            "Scalar": "Boolean"
          }
        },
        "ignore_z_value": {
          "Optional": {
            "Scalar": "Boolean"
          }
        },
        "meta": {
          "Map": [
            "String",
            {
              "Scalar": "String"
            }
          ]
        },
        "orientation": {
          "Optional": {
            "Scalar": "String"
          }
        },
        "properties": {
          "Optional": "Object"
        },
        "store": {
          "Optional": {
            "Scalar": "Boolean"
          }
        },
        "synthetic_source_keep": {
          "Optional": {
            "Scalar": "String"
          }
        }
      }
    },
    "_types.mapping.ShortNumberProperty": {
      "name": "short",
      "parameters": {
        "boost": {
          "Optional": {
            "Scalar": "Double"
          }
        },
        "coerce": {
          "Optional": {
            "Scalar": "Boolean"
          }
        },
        "copy_to": {
          "Optional": {
            "Scalar": "String"
          }
        },
        "doc_values": {
          "Optional": {
            "Scalar": "Boolean"
          }
        },
        "dynamic": {
          "Optional": {
            "Scalar": "String"
          }
        },
        "fields": {
          "Optional": "Object"
        },
        "ignore_above": {
          "Optional": {
            "Scalar": "Double"
          }
        },
        "ignore_malformed": {
          "Optional": {
            "Scalar": "Boolean"
          }
        },
        "index": {
          "Optional": {
            "Scalar": "Boolean"
          }
        },
        "meta": {
          "Map": [
            "String",
            {
              "Scalar": "String"
            }
          ]
        },
        "null_value": {
          "Optional": {
            "Scalar": "Double"
          }
        },
        "on_script_error": {
          "Optional": {
            "Scalar": "String"
          }
        },
        "properties": {
          "Optional": "Object"
        },
        "script": {
          "Optional": {
            "Definition": "_types.Script"
          }
        },
        "store": {
          "Optional": {
            "Scalar": "Boolean"
          }
        },
        "synthetic_source_keep": {
          "Optional": {
            "Scalar": "String"
          }
        },
        "time_series_dimension": {
          "Optional": {
            "Scalar": "Boolean"
          }
        },
        "time_series_metric": {
          "Optional": {
            "Scalar": "String"
          }
        }
      }
    },
    "_types.mapping.SparseVectorProperty": {
      "name": "sparse_vector",
      "parameters": {
        "dynamic": {
          "Optional": {
            "Scalar": "String"
          }
        },
        "fields": {
          "Optional": "Object"
        },
        "ignore_above": {
          "Optional": {
            "Scalar": "Double"
          }
        },
        "index_options": {
          "Optional": {
            "Definition": "_types.mapping.SparseVectorIndexOptions"
          }
        },
        "meta": {
          "Map": [
            "String",
            {
              "Scalar": "String"
            }
          ]
        },
        "properties": {
          "Optional": "Object"
        },
        "store": {
          "Optional": {
            "Scalar": "Boolean"
          }
        },
        "synthetic_source_keep": {
          "Optional": {
            "Scalar": "String"
          }
        }
      }
    },
    "_types.mapping.TextProperty": {
      "name": "text",
      "parameters": {
        "analyzer": {
          "Optional": {
            "Scalar": "String"
          }
        },
        "boost": {
          "Optional": {
            "Scalar": "Double"
          }
        },
        "copy_to": {
          "Optional": {
            "Scalar": "String"
          }
        },
        "dynamic": {
          "Optional": {
            "Scalar": "String"
          }
        },
        "eager_global_ordinals": {
          "Optional": {
            "Scalar": "Boolean"
          }
        },
        "fielddata": {
          "Optional": {
            "Scalar": "Boolean"
          }
        },
        "fielddata_frequency_filter": {
          "Optional": {
            "Definition": "indices._types.FielddataFrequencyFilter"
          }
        },
        "fields": {
          "Optional": "Object"
        },
        "ignore_above": {
          "Optional": {
            "Scalar": "Double"
          }
        },
        "index": {
          "Optional": {
            "Scalar": "Boolean"
          }
        },
        "index_options": {
          "Optional": {
            "Scalar": "String"
          }
        },
        "index_phrases": {
          "Optional": {
            "Scalar": "Boolean"
          }
        },
        "index_prefixes": {
          "Optional": {
            "Definition": "_types.mapping.TextIndexPrefixes"
          }
        },
        "meta": {
          "Map": [
            "String",
            {
              "Scalar": "String"
            }
          ]
        },
        "norms": {
          "Optional": {
            "Scalar": "Boolean"
          }
        },
        "position_increment_gap": {
          "Optional": {
            "Scalar": "Double"
          }
        },
        "properties": {
          "Optional": "Object"
        },
        "search_analyzer": {
          "Optional": {
            "Scalar": "String"
          }
        },
        "search_quote_analyzer": {
          "Optional": {
            "Scalar": "String"
          }
        },
        "similarity": {
          "Optional": {
            "Scalar": "String"
          }
        },
        "store": {
          "Optional": {
            "Scalar": "Boolean"
          }
        },
        "synthetic_source_keep": {
          "Optional": {
            "Scalar": "String"
          }
        },
        "term_vector": {
          "Optional": {
            "Scalar": "String"
          }
        }
      }
    },
    "_types.mapping.TokenCountProperty": {
      "name": "token_count",
      "parameters": {
        "analyzer": {
          "Optional": {
            "Scalar": "String"
          }
        },
        "boost": {
          "Optional": {
            "Scalar": "Double"
          }
        },
        "copy_to": {
          "Optional": {
            "Scalar": "String"
          }
        },
        "doc_values": {
          "Optional": {
            "Scalar": "Boolean"
          }
        },
        "dynamic": {
          "Optional": {
            "Scalar": "String"
          }
        },
        "enable_position_increments": {
          "Optional": {
            "Scalar": "Boolean"
          }
        },
        "fields": {
          "Optional": "Object"
        },
        "ignore_above": {
          "Optional": {
            "Scalar": "Double"
          }
        },
        "index": {
          "Optional": {
            "Scalar": "Boolean"
          }
        },
        "meta": {
          "Map": [
            "String",
            {
              "Scalar": "String"
            }
          ]
        },
        "null_value": {
          "Optional": {
            "Scalar": "Double"
          }
        },
        "properties": {
          "Optional": "Object"
        },
        "store": {
          "Optional": {
            "Scalar": "Boolean"
          }
        },
        "synthetic_source_keep": {
          "Optional": {
            "Scalar": "String"
          }
        }
      }
    },
    "_types.mapping.UnsignedLongNumberProperty": {
      "name": "unsigned_long",
      "parameters": {
        "boost": {
          "Optional": {
            "Scalar": "Double"
          }
        },
        "coerce": {
          "Optional": {
            "Scalar": "Boolean"
          }
        },
        "copy_to": {
          "Optional": {
            "Scalar": "String"
          }
        },
        "doc_values": {
          "Optional": {
            "Scalar": "Boolean"
          }
        },
        "dynamic": {
          "Optional": {
            "Scalar": "String"
          }
        },
        "fields": {
          "Optional": "Object"
        },
        "ignore_above": {
          "Optional": {
            "Scalar": "Double"
          }
        },
        "ignore_malformed": {
          "Optional": {
            "Scalar": "Boolean"
          }
        },
        "index": {
          "Optional": {
            "Scalar": "Boolean"
          }
        },
        "meta": {
          "Map": [
            "String",
            {
              "Scalar": "String"
            }
          ]
        },
        "null_value": {
          "Optional": {
            "Scalar": "Double"
          }
        },
        "on_script_error": {
          "Optional": {
            "Scalar": "String"
          }
        },
        "properties": {
          "Optional": "Object"
        },
        "script": {
          "Optional": {
            "Definition": "_types.Script"
          }
        },
        "store": {
          "Optional": {
            "Scalar": "Boolean"
          }
        },
        "synthetic_source_keep": {
          "Optional": {
            "Scalar": "String"
          }
        },
        "time_series_dimension": {
          "Optional": {
            "Scalar": "Boolean"
          }
        },
        "time_series_metric": {
          "Optional": {
            "Scalar": "String"
          }
        }
      }
    },
    "_types.mapping.VersionProperty": {
      "name": "version",
      "parameters": {
        "copy_to": {
          "Optional": {
            "Scalar": "String"
          }
        },
        "doc_values": {
          "Optional": {
            "Scalar": "Boolean"
          }
        },
        "dynamic": {
          "Optional": {
            "Scalar": "String"
          }
        },
        "fields": {
          "Optional": "Object"
        },
        "ignore_above": {
          "Optional": {
            "Scalar": "Double"
          }
        },
        "meta": {
          "Map": [
            "String",
            {
              "Scalar": "String"
            }
          ]
        },
        "properties": {
          "Optional": "Object"
        },
        "store": {
          "Optional": {
            "Scalar": "Boolean"
          }
        },
        "synthetic_source_keep": {
          "Optional": {
            "Scalar": "String"
          }
        }
      }
    },
    "_types.mapping.WildcardProperty": {
      "name": "wildcard",
      "parameters": {
        "copy_to": {
          "Optional": {
            "Scalar": "String"
          }
        },
        "doc_values": {
          "Optional": {
            "Scalar": "Boolean"
          }
        },
        "dynamic": {
          "Optional": {
            "Scalar": "String"
          }
        },
        "fields": {
          "Optional": "Object"
        },
        "ignore_above": {
          "Optional": {
            "Scalar": "Double"
          }
        },
        "meta": {
          "Map": [
            "String",
            {
              "Scalar": "String"
            }
          ]
        },
        "null_value": {
          "Optional": {
            "Scalar": "String"
          }
        },
        "properties": {
          "Optional": "Object"
        },
        "store": {
          "Optional": {
            "Scalar": "Boolean"
          }
        },
        "synthetic_source_keep": {
          "Optional": {
            "Scalar": "String"
          }
        }
      }
    }
  },
  "shared_types": {
    "_types.LatLonGeoLocation": {
      "parameters": {
        "lat": {
          "Optional": {
            "Scalar": "Double"
          }
        },
        "lon": {
          "Optional": {
            "Scalar": "Double"
          }
        }
      }
    },
    "_types.Script": {
      "parameters": {
        "id": {
          "Optional": {
            "Scalar": "String"
          }
        },
        "lang": {
          "Optional": {
            "Scalar": "String"
          }
        },
        "options": {
          "Map": [
            "String",
            {
              "Scalar": "String"
            }
          ]
        },
        "params": {
          "Optional": "Object"
        },
        "source": {
          "Optional": {
            "Scalar": "String"
          }
        }
      }
    },
    "_types.TokenPruningConfig": {
      "parameters": {
        "only_score_pruned_tokens": {
          "Optional": {
            "Scalar": "Boolean"
          }
        },
        "tokens_freq_ratio_threshold": {
          "Optional": {
            "Scalar": "Double"
          }
        },
        "tokens_weight_threshold": {
          "Optional": {
            "Scalar": "Double"
          }
        }
      }
    },
    "_types.mapping.ChunkingSettings": {
      "parameters": {
        "max_chunk_size": {
          "Optional": {
            "Scalar": "Double"
          }
        },
        "overlap": {
          "Optional": {
            "Scalar": "Double"
          }
        },
        "sentence_overlap": {
          "Optional": {
            "Scalar": "Double"
          }
        },
        "strategy": {
          "Optional": {
            "Scalar": "String"
          }
        }
      }
    },
    "_types.mapping.DenseVectorIndexOptions": {
      "parameters": {
        "confidence_interval": {
          "Optional": {
            "Scalar": "Double"
          }
        },
        "ef_construction": {
          "Optional": {
            "Scalar": "Double"
          }
        },
        "m": {
          "Optional": {
            "Scalar": "Double"
          }
        },
        "type": {
          "Optional": {
            "Scalar": "String"
          }
        }
      }
    },
    "_types.mapping.SemanticTextIndexOptions": {
      "parameters": {
        "dense_vector": {
          "Optional": {
            "Definition": "_types.mapping.DenseVectorIndexOptions"
          }
        }
      }
    },
    "_types.mapping.SparseVectorIndexOptions": {
      "parameters": {
        "prune": {
          "Optional": {
            "Scalar": "Boolean"
          }
        },
        "pruning_config": {
          "Optional": {
            "Definition": "_types.TokenPruningConfig"
          }
        }
      }
    },
    "_types.mapping.SuggestContext": {
      "parameters": {
        "name": {
          "Optional": {
            "Scalar": "String"
          }
        },
        "path": {
          "Optional": {
            "Scalar": "String"
          }
        },
        "precision": {
          "Optional": {
            "Scalar": "Double"
          }
        },
        "type": {
          "Optional": {
            "Scalar": "String"
          }
        }
      }
    },
    "_types.mapping.TextIndexPrefixes": {
      "parameters": {
        "max_chars": {
          "Optional": {
            "Scalar": "Double"
          }
        },
        "min_chars": {
          "Optional": {
            "Scalar": "Double"
          }
        }
      }
    },
    "indices._types.FielddataFrequencyFilter": {
      "parameters": {
        "max": {
          "Optional": {
            "Scalar": "Double"
          }
        },
        "min": {
          "Optional": {
            "Scalar": "Double"
          }
        },
        "min_segment_size": {
          "Optional": {
            "Scalar": "Double"
          }
        }
      }
    },
    "indices._types.NumericFielddata": {
      "parameters": {
        "format": {
          "Optional": {
            "Scalar": "String"
          }
        }
      }
    }
  }
}
