---
source: crates/protosearch-plugin/src/lib.rs
expression: "output_for(& resp, \"tests.MessageTestCase\")"
---
{
  "tests.MessageTestCase.json": {
    "properties": {
      "message_nested_repeated": {
        "properties": {
          "uid": {
            "type": "keyword"
          }
        },
        "type": "nested"
      },
      "message_nested_singular": {
        "properties": {
          "uid": {
            "type": "keyword"
          }
        },
        "type": "nested"
      },
      "message_nested_with_parameters": {
        "dynamic": "strict",
        "properties": {
          "uid": {
            "type": "keyword"
          }
        },
        "type": "nested"
      },
      "message_object_repeated": {
        "properties": {
          "uid": {
            "type": "keyword"
          }
        },
        "type": "object"
      },
      "message_object_singular": {
        "properties": {
          "uid": {
            "type": "keyword"
          }
        },
        "type": "object"
      },
      "message_object_with_parameters": {
        "dynamic": "strict",
        "properties": {
          "uid": {
            "type": "keyword"
          }
        },
        "type": "object"
      }
    }
  }
}
